// Jest Snapshot v1, https://goo.gl/fbAQLP

exports[`Home Screen Render Home screen 1`] = `
<div>
  <div>
    I'm akwelakleklakelalw
  </div>
</div>
`;
